// Jest Snapshot v1, https://goo.gl/fbAQLP

exports[`ast -> render  happy path simple element 1`] = `
"import { openBlock as _openBlock, createElementBlock as _createElementBlock, toDisplayString as _toDisplayString } from \\"vue\\"
export function render(_ctx, _cache){ return (_openBlock(), _createElementBlock(\\"div\\", null \\"hi,\\" +  _toDisplayString(_ctx.message), 1 /* TEXT */)) }"
`;

exports[`ast -> render  happy path simple interpolation 1`] = `
"import { toDisplayString as _toDisplayString } from \\"vue\\"
export function render(_ctx, _cache){ return _toDisplayString(_ctx.message) }"
`;

exports[`ast -> render  happy path simple str 1`] = `
"
export function render(_ctx, _cache){ return \\"hi\\" }"
`;
